
qifang@abs2 MINGW64 ~
$ git init
Initialized empty Git repository in C:/Users/qifang/.git/

qifang@abs2 MINGW64 ~ (master)
$ cd X:\Qifang\Projects\ProtCidDbProjects\ProtCidLibraries
bash: cd: X:QifangProjectsProtCidDbProjectsProtCidLibraries: No such file or directory

qifang@abs2 MINGW64 ~ (master)
$ cd X:/Qifang/Projects/ProtCidDbProjects/ProtCidLibraries

qifang@abs2 MINGW64 /x/Qifang/Projects/ProtCidDbProjects/ProtCidLibraries
$ git init
Initialized empty Git repository in X:/Qifang/Projects/ProtCidDbProjects/ProtCidLibraries/.git/

qifang@abs2 MINGW64 /x/Qifang/Projects/ProtCidDbProjects/ProtCidLibraries (master)
$ git add .
warning: LF will be replaced by CRLF in ProtCidLibraries/bin/Debug/tools/standard.data.
The file will have its original line endings in your working directory.
warning: LF will be replaced by CRLF in ProtCidLibraries/bin/Debug/tools/vdw.radii.
The file will have its original line endings in your working directory.

qifang@abs2 MINGW64 /x/Qifang/Projects/ProtCidDbProjects/ProtCidLibraries (master)
$ git commit -m "adding files"

*** Please tell me who you are.

Run

  git config --global user.email "you@example.com"
  git config --global user.name "Your Name"

to set your account's default identity.
Omit --global to set the identity only in this repository.

fatal: unable to auto-detect email address (got 'qifang@abs2.(none)')

qifang@abs2 MINGW64 /x/Qifang/Projects/ProtCidDbProjects/ProtCidLibraries (master)
$ git config --global user.email "qifang.xu@fccc.edu"

qifang@abs2 MINGW64 /x/Qifang/Projects/ProtCidDbProjects/ProtCidLibraries (master)
$ git config --local -l
core.repositoryformatversion=0
core.filemode=false
core.bare=false
core.logallrefupdates=true
core.symlinks=false
core.ignorecase=true

qifang@abs2 MINGW64 /x/Qifang/Projects/ProtCidDbProjects/ProtCidLibraries (master)
$ git config --global user.name qifang

qifang@abs2 MINGW64 /x/Qifang/Projects/ProtCidDbProjects/ProtCidLibraries (master)
$ git config --global qifang.email

qifang@abs2 MINGW64 /x/Qifang/Projects/ProtCidDbProjects/ProtCidLibraries (master)
$ git config --global user.email
qifang.xu@fccc.edu

qifang@abs2 MINGW64 /x/Qifang/Projects/ProtCidDbProjects/ProtCidLibraries (master)
$ git config --global user.name
qifang

qifang@abs2 MINGW64 /x/Qifang/Projects/ProtCidDbProjects/ProtCidLibraries (master)
$ git commit -m "adding files"
[master (root-commit) b52cec7] adding files
 856 files changed, 499809 insertions(+)
 create mode 100644 AuxFuncLib/AssemblyInfo.cs
 create mode 100644 AuxFuncLib/AsuInfoFinder.cs
 create mode 100644 AuxFuncLib/AuxFuncLib.csproj
 create mode 100644 AuxFuncLib/AuxFuncLib.csproj.user
 create mode 100644 AuxFuncLib/CmdLauncher.cs
 create mode 100644 AuxFuncLib/CmdOperations.cs
 create mode 100644 AuxFuncLib/DbLogParser.cs
 create mode 100644 AuxFuncLib/HmmInfoFinder.cs
 create mode 100644 AuxFuncLib/IntArrayEqualityComparer.cs
 create mode 100644 AuxFuncLib/InterfaceCompDbQuery.cs
 create mode 100644 AuxFuncLib/ObsoleteEntryInfoRemover.cs
 create mode 100644 AuxFuncLib/ParseHelper.cs
 create mode 100644 AuxFuncLib/RepChainRetriever.cs
 create mode 100644 AuxFuncLib/SeqCrc.cs
 create mode 100644 AuxFuncLib/SeqNumbersMatchData.cs
 create mode 100644 AuxFuncLib/StringArrayEqualityComparer.cs
 create mode 100644 AuxFuncLib/bin/Debug/AuxFuncLib.dll
 create mode 100644 AuxFuncLib/bin/Debug/AuxFuncLib.pdb
 create mode 100644 AuxFuncLib/bin/Debug/DbLib.dll
 create mode 100644 AuxFuncLib/bin/Debug/DbLib.pdb
 create mode 100644 AuxFuncLib/bin/Debug/HelperFuncLib.dll
 create mode 100644 AuxFuncLib/bin/Debug/HelperFuncLib.pdb
 create mode 100644 AuxFuncLib/bin/Debug/ProgressLib.dll
 create mode 100644 AuxFuncLib/bin/Debug/ProgressLib.pdb
 create mode 100644 AuxFuncLib/bin/Debug/ProtCidSettingsLib.dll
 create mode 100644 AuxFuncLib/bin/Debug/ProtCidSettingsLib.pdb
 create mode 100644 AuxFuncLib/bin/Release/AuxFuncLib.dll
 create mode 100644 AuxFuncLib/bin/Release/DbLib.dll
 create mode 100644 AuxFuncLib/bin/Release/DbLib.pdb
 create mode 100644 AuxFuncLib/bin/Release/HelperFuncLib.dll
 create mode 100644 AuxFuncLib/obj/Debug/AuxFuncLib.csproj.FileListAbsolute.txt
 create mode 100644 AuxFuncLib/obj/Debug/AuxFuncLib.csprojResolveAssemblyReference.cache
 create mode 100644 AuxFuncLib/obj/Debug/AuxFuncLib.dll
 create mode 100644 AuxFuncLib/obj/Debug/AuxFuncLib.pdb
 create mode 100644 AuxFuncLib/obj/Debug/AuxFuncLib.projdata
 create mode 100644 AuxFuncLib/obj/Debug/AuxFuncLib.projdata1
 create mode 100644 AuxFuncLib/obj/Debug/DesignTimeResolveAssemblyReferencesInput.cache
 create mode 100644 AuxFuncLib/obj/Debug/HelperFuncLib.dll
 create mode 100644 AuxFuncLib/obj/Debug/HelperFuncLib.pdb
 create mode 100644 AuxFuncLib/obj/Debug/HelperFuncLib.projdata
 create mode 100644 AuxFuncLib/obj/Debug/HelperFuncLib.projdata1
 create mode 100644 AuxFuncLib/obj/Debug/Refactor/AuxFuncLib.dll
 create mode 100644 AuxFuncLib/obj/Debug/TemporaryGeneratedFile_036C0B5B-1481-4323-8D20-8F5ADCB23D92.cs
 create mode 100644 AuxFuncLib/obj/Debug/TemporaryGeneratedFile_5937a670-0e60-4077-877b-f7221da3dda1.cs
 create mode 100644 AuxFuncLib/obj/Debug/TemporaryGeneratedFile_E7A71F73-0F8D-4B9B-B56E-8E70B10BC5D3.cs
 create mode 100644 AuxFuncLib/obj/Release/AuxFuncLib.csproj.FileListAbsolute.txt
 create mode 100644 AuxFuncLib/obj/Release/AuxFuncLib.csprojResolveAssemblyReference.cache
 create mode 100644 AuxFuncLib/obj/Release/AuxFuncLib.dll
 create mode 100644 AuxFuncLib/obj/Release/DesignTimeResolveAssemblyReferencesInput.cache
 create mode 100644 AuxFuncLib/obj/Release/HelperFuncLib.dll
 create mode 100644 AuxFuncLib/obj/Release/HelperFuncLib.projdata
 create mode 100644 AuxFuncLib/obj/Release/TemporaryGeneratedFile_036C0B5B-1481-4323-8D20-8F5ADCB23D92.cs
 create mode 100644 AuxFuncLib/obj/Release/TemporaryGeneratedFile_5937a670-0e60-4077-877b-f7221da3dda1.cs
 create mode 100644 AuxFuncLib/obj/Release/TemporaryGeneratedFile_E7A71F73-0F8D-4B9B-B56E-8E70B10BC5D3.cs
 create mode 100644 BuCompLib/BamDb/BamDbUpdate.cs
 create mode 100644 BuCompLib/BamDb/ProtBudBiolAssemblies.cs
 create mode 100644 BuCompLib/BiolUnitRetriever.cs
 create mode 100644 BuCompLib/BuCompBuilder.cs
 create mode 100644 BuCompLib/BuCompLib.csproj
 create mode 100644 BuCompLib/BuCompLib.csproj.user
 create mode 100644 BuCompLib/BuCompObsoleteDataRemover.cs
 create mode 100644 BuCompLib/BuCompTables.cs
 create mode 100644 BuCompLib/BuDomainInterfaceRetriever.cs
 create mode 100644 BuCompLib/BuDomainInterfaceRetriever.cs~
 create mode 100644 BuCompLib/BuInterfaceRetriever.cs
 create mode 100644 BuCompLib/BuInterfaces/AsuInterfaces.cs
 create mode 100644 BuCompLib/BuInterfaces/AsuIntraChainDomainInterfaces.cs
 create mode 100644 BuCompLib/BuInterfaces/EntryBuInterfaces.cs
 create mode 100644 BuCompLib/BuInterfaces/EntryBuInterfaces.cs~
 create mode 100644 BuCompLib/EntryBuComp/DbOutputBAM.cs
 create mode 100644 BuCompLib/EntryBuComp/EntryBuComp.cs
 create mode 100644 BuCompLib/EntryBuComp/EntryBuCompTables.cs
 create mode 100644 BuCompLib/HomoBuComp/BuDomainInterfaceComp.cs
 create mode 100644 BuCompLib/HomoBuComp/BuDomainInterfaceComp.cs~
 create mode 100644 BuCompLib/HomoBuComp/BuDomainInterfaces.cs
 create mode 100644 BuCompLib/HomoBuComp/BuInterfaceComp.cs
 create mode 100644 BuCompLib/HomoBuComp/PfamBuClassifier.cs
 create mode 100644 BuCompLib/PfamInteract/ChainDnaRna.cs
 create mode 100644 BuCompLib/PfamInteract/ChainLigands.cs
 create mode 100644 BuCompLib/PfamInteract/ChainPeptideInterfaces.cs
 create mode 100644 BuCompLib/PfamInteract/PfamInteraction.cs
 create mode 100644 BuCompLib/Properties/AssemblyInfo.cs
 create mode 100644 BuCompLib/bin/Debug/AuxFuncLib.dll
 create mode 100644 BuCompLib/bin/Debug/AuxFuncLib.pdb
 create mode 100644 BuCompLib/bin/Debug/BuCompLib.dll
 create mode 100644 BuCompLib/bin/Debug/BuCompLib.pdb
 create mode 100644 BuCompLib/bin/Debug/BuQueryLib.dll
 create mode 100644 BuCompLib/bin/Debug/BuQueryLib.pdb
 create mode 100644 BuCompLib/bin/Debug/CrystalInterfaceLib.dll
 create mode 100644 BuCompLib/bin/Debug/CrystalInterfaceLib.pdb
 create mode 100644 BuCompLib/bin/Debug/DbLib.dll
 create mode 100644 BuCompLib/bin/Debug/DbLib.pdb
 create mode 100644 BuCompLib/bin/Debug/ProgressLib.dll
 create mode 100644 BuCompLib/bin/Debug/ProgressLib.pdb
 create mode 100644 BuCompLib/bin/Debug/ProtCidSettingsLib.dll
 create mode 100644 BuCompLib/bin/Debug/ProtCidSettingsLib.pdb
 create mode 100644 BuCompLib/bin/Release/AuxFuncLib.dll
 create mode 100644 BuCompLib/bin/Release/BuCompLib.dll
 create mode 100644 BuCompLib/bin/Release/BuCompLib.pdb
 create mode 100644 BuCompLib/bin/Release/BuQueryLib.dll
 create mode 100644 BuCompLib/bin/Release/DbLib.dll
 create mode 100644 BuCompLib/bin/Release/ProgressLib.dll
 create mode 100644 BuCompLib/bin/Release/XtalLib.dll
 create mode 100644 BuCompLib/obj/Debug/BuCompLib.csproj.FileListAbsolute.txt
 create mode 100644 BuCompLib/obj/Debug/BuCompLib.csprojResolveAssemblyReference.cache
 create mode 100644 BuCompLib/obj/Debug/BuCompLib.dll
 create mode 100644 BuCompLib/obj/Debug/BuCompLib.pdb
 create mode 100644 BuCompLib/obj/Debug/DesignTimeResolveAssemblyReferencesInput.cache
 create mode 100644 BuCompLib/obj/Debug/Refactor/BuCompLib.dll
 create mode 100644 BuCompLib/obj/Debug/ResolveAssemblyReference.cache
 create mode 100644 BuCompLib/obj/Debug/TemporaryGeneratedFile_036C0B5B-1481-4323-8D20-8F5ADCB23D92.cs
 create mode 100644 BuCompLib/obj/Debug/TemporaryGeneratedFile_5937a670-0e60-4077-877b-f7221da3dda1.cs
 create mode 100644 BuCompLib/obj/Debug/TemporaryGeneratedFile_E7A71F73-0F8D-4B9B-B56E-8E70B10BC5D3.cs
 create mode 100644 BuCompLib/obj/Release/BuCompLib.csproj.FileListAbsolute.txt
 create mode 100644 BuCompLib/obj/Release/BuCompLib.dll
 create mode 100644 BuCompLib/obj/Release/BuCompLib.pdb
 create mode 100644 BuCompLib/obj/Release/DesignTimeResolveAssemblyReferencesInput.cache
 create mode 100644 BuCompLib/obj/Release/ResolveAssemblyReference.cache
 create mode 100644 BuCompLib/obj/Release/TemporaryGeneratedFile_036C0B5B-1481-4323-8D20-8F5ADCB23D92.cs
 create mode 100644 BuCompLib/obj/Release/TemporaryGeneratedFile_5937a670-0e60-4077-877b-f7221da3dda1.cs
 create mode 100644 BuCompLib/obj/Release/TemporaryGeneratedFile_E7A71F73-0F8D-4B9B-B56E-8E70B10BC5D3.cs
 create mode 100644 BuInterfacesLib/AssemblyInfo.cs
 create mode 100644 BuInterfacesLib/BuCompTables.cs
 create mode 100644 BuInterfacesLib/BuInterfaceDbBuilder.cs
 create mode 100644 BuInterfacesLib/BuInterfaces/AsuInterfaces.cs
 create mode 100644 BuInterfacesLib/BuInterfaces/BuInterfaceFileWriter.cs
 create mode 100644 BuInterfacesLib/BuInterfaces/BuInterfaceProcessor.cs
 create mode 100644 BuInterfacesLib/BuInterfaces/ContactsFinder.cs
 create mode 100644 BuInterfacesLib/BuInterfaces/InterfacesInBu.cs
 create mode 100644 BuInterfacesLib/BuInterfaces/PisaInterfaces.cs
 create mode 100644 BuInterfacesLib/BuInterfacesComp/BuComp.cs
 create mode 100644 BuInterfacesLib/BuInterfacesComp/EntryBuComp.cs
 create mode 100644 BuInterfacesLib/BuInterfacesComp/PdbPqsPisaBuComp.cs
 create mode 100644 BuInterfacesLib/BuInterfacesLib.csproj
 create mode 100644 BuInterfacesLib/BuInterfacesLib.csproj.user
 create mode 100644 BuInterfacesLib/BuMatch/BiolUnitMatch.cs
 create mode 100644 BuInterfacesLib/BuMatch/BuChainMatch.cs
 create mode 100644 BuInterfacesLib/BuMatch/BuChainMatchCat.cs
 create mode 100644 BuInterfacesLib/bin/Debug/BuInterfaces.pdb
 create mode 100644 BuInterfacesLib/bin/Debug/HelperFuncLib.pdb
 create mode 100644 BuInterfacesLib/obj/Debug/BuInterfaces.pdb
 create mode 100644 BuInterfacesLib/obj/Debug/BuInterfaces.projdata
 create mode 100644 BuInterfacesLib/obj/Debug/BuInterfacesLib.csproj.FileListAbsolute.txt
 create mode 100644 BuInterfacesLib/obj/Debug/BuInterfacesLib.csprojResolveAssemblyReference.cache
 create mode 100644 BuInterfacesLib/obj/Debug/BuInterfacesLib.projdata
 create mode 100644 BuInterfacesLib/obj/Debug/BuInterfacesLib.projdata1
 create mode 100644 BuInterfacesLib/obj/Debug/DesignTimeResolveAssemblyReferencesInput.cache
 create mode 100644 BuInterfacesLib/obj/Debug/Refactor/BuInterfacesLib.dll
 create mode 100644 BuInterfacesLib/obj/Debug/ResolveAssemblyReference.cache
 create mode 100644 BuInterfacesLib/obj/Debug/build.force
 create mode 100644 BuQueryLib/AssemblyInfo.cs
 create mode 100644 BuQueryLib/AsymUnitInfo.cs
 create mode 100644 BuQueryLib/BiolUnitInfo.cs
 create mode 100644 BuQueryLib/BiolUnitQuery.cs
 create mode 100644 BuQueryLib/BiolUnitQuery.cs~
 create mode 100644 BuQueryLib/BuFormats.cs
 create mode 100644 BuQueryLib/BuQueryLib.csproj
 create mode 100644 BuQueryLib/BuQueryLib.csproj.user
 create mode 100644 BuQueryLib/bin/Debug/BuQueryLib.dll
 create mode 100644 BuQueryLib/bin/Debug/BuQueryLib.pdb
 create mode 100644 BuQueryLib/bin/Debug/DbLib.dll
 create mode 100644 BuQueryLib/bin/Debug/DbLib.pdb
 create mode 100644 BuQueryLib/bin/Debug/ProgressLib.dll
 create mode 100644 BuQueryLib/bin/Debug/ProgressLib.pdb
 create mode 100644 BuQueryLib/bin/Debug/ProtCidSettingsLib.dll
 create mode 100644 BuQueryLib/bin/Debug/ProtCidSettingsLib.pdb
 create mode 100644 BuQueryLib/bin/Release/BuQueryLib.dll
 create mode 100644 BuQueryLib/bin/Release/DbLib.dll
 create mode 100644 BuQueryLib/bin/Release/DbLib.pdb
 create mode 100644 BuQueryLib/obj/Debug/BuQueryLib.csproj.FileListAbsolute.txt
 create mode 100644 BuQueryLib/obj/Debug/BuQueryLib.csprojResolveAssemblyReference.cache
 create mode 100644 BuQueryLib/obj/Debug/BuQueryLib.dll
 create mode 100644 BuQueryLib/obj/Debug/BuQueryLib.pdb
 create mode 100644 BuQueryLib/obj/Debug/BuQueryLib.projdata
 create mode 100644 BuQueryLib/obj/Debug/BuQueryLib.projdata1
 create mode 100644 BuQueryLib/obj/Debug/DesignTimeResolveAssemblyReferencesInput.cache
 create mode 100644 BuQueryLib/obj/Debug/Refactor/BuQueryLib.dll
 create mode 100644 BuQueryLib/obj/Debug/ResolveAssemblyReference.cache
 create mode 100644 BuQueryLib/obj/Debug/TemporaryGeneratedFile_036C0B5B-1481-4323-8D20-8F5ADCB23D92.cs
 create mode 100644 BuQueryLib/obj/Debug/TemporaryGeneratedFile_5937a670-0e60-4077-877b-f7221da3dda1.cs
 create mode 100644 BuQueryLib/obj/Debug/TemporaryGeneratedFile_E7A71F73-0F8D-4B9B-B56E-8E70B10BC5D3.cs
 create mode 100644 BuQueryLib/obj/Release/BuQueryLib.csproj.FileListAbsolute.txt
 create mode 100644 BuQueryLib/obj/Release/BuQueryLib.dll
 create mode 100644 BuQueryLib/obj/Release/BuQueryLib.projdata
 create mode 100644 BuQueryLib/obj/Release/DesignTimeResolveAssemblyReferencesInput.cache
 create mode 100644 BuQueryLib/obj/Release/TemporaryGeneratedFile_036C0B5B-1481-4323-8D20-8F5ADCB23D92.cs
 create mode 100644 BuQueryLib/obj/Release/TemporaryGeneratedFile_5937a670-0e60-4077-877b-f7221da3dda1.cs
 create mode 100644 BuQueryLib/obj/Release/TemporaryGeneratedFile_E7A71F73-0F8D-4B9B-B56E-8E70B10BC5D3.cs
 create mode 100644 BugFixingLib/BugFixing.cs
 create mode 100644 BugFixingLib/BugFixingLib.csproj
 create mode 100644 BugFixingLib/MissingData.cs
 create mode 100644 BugFixingLib/Properties/AssemblyInfo.cs
 create mode 100644 BugFixingLib/bin/Debug/AuxFuncLib.dll
 create mode 100644 BugFixingLib/bin/Debug/AuxFuncLib.pdb
 create mode 100644 BugFixingLib/bin/Debug/BugFixingLib.dll
 create mode 100644 BugFixingLib/bin/Debug/BugFixingLib.pdb
 create mode 100644 BugFixingLib/bin/Debug/DbLib.dll
 create mode 100644 BugFixingLib/bin/Debug/DbLib.pdb
 create mode 100644 BugFixingLib/bin/Debug/ProgressLib.dll
 create mode 100644 BugFixingLib/bin/Debug/ProgressLib.pdb
 create mode 100644 BugFixingLib/bin/Debug/ProtCidSettingsLib.dll
 create mode 100644 BugFixingLib/bin/Debug/ProtCidSettingsLib.pdb
 create mode 100644 BugFixingLib/obj/Debug/BugFixingLib.csproj.FileListAbsolute.txt
 create mode 100644 BugFixingLib/obj/Debug/BugFixingLib.csprojResolveAssemblyReference.cache
 create mode 100644 BugFixingLib/obj/Debug/BugFixingLib.dll
 create mode 100644 BugFixingLib/obj/Debug/BugFixingLib.pdb
 create mode 100644 BugFixingLib/obj/Debug/DesignTimeResolveAssemblyReferencesInput.cache
 create mode 100644 BugFixingLib/obj/Debug/TemporaryGeneratedFile_036C0B5B-1481-4323-8D20-8F5ADCB23D92.cs
 create mode 100644 BugFixingLib/obj/Debug/TemporaryGeneratedFile_5937a670-0e60-4077-877b-f7221da3dda1.cs
 create mode 100644 BugFixingLib/obj/Debug/TemporaryGeneratedFile_E7A71F73-0F8D-4B9B-B56E-8E70B10BC5D3.cs
 create mode 100644 CrystalInterfaceLib/AssemblyInfo.cs
 create mode 100644 CrystalInterfaceLib/BuIO/AtomReader.cs
 create mode 100644 CrystalInterfaceLib/BuIO/BuWriter.cs
 create mode 100644 CrystalInterfaceLib/BuIO/InterfaceReader.cs
 create mode 100644 CrystalInterfaceLib/BuIO/InterfaceWriter.cs
 create mode 100644 CrystalInterfaceLib/Contacts/AtomPair.cs
 create mode 100644 CrystalInterfaceLib/Contacts/ChainContact.cs
 create mode 100644 CrystalInterfaceLib/Contacts/ChainContactInfo.cs
 create mode 100644 CrystalInterfaceLib/Contacts/Contact.cs
 create mode 100644 CrystalInterfaceLib/Contacts/ContactInCrystal.cs
 create mode 100644 CrystalInterfaceLib/Contacts/InterfaceChains.cs
 create mode 100644 CrystalInterfaceLib/Contacts/InterfaceInfo.cs
 create mode 100644 CrystalInterfaceLib/Crystal/AsymUnitBuilder.cs
 create mode 100644 CrystalInterfaceLib/Crystal/AtomCat.cs
 create mode 100644 CrystalInterfaceLib/Crystal/AtomInfo.cs
 create mode 100644 CrystalInterfaceLib/Crystal/BuAssemblyGenerator.cs
 create mode 100644 CrystalInterfaceLib/Crystal/BuGenStruct.cs
 create mode 100644 CrystalInterfaceLib/Crystal/BuGenerator.cs
 create mode 100644 CrystalInterfaceLib/Crystal/BuStatusInfo.cs
 create mode 100644 CrystalInterfaceLib/Crystal/ChainAtoms.cs
 create mode 100644 CrystalInterfaceLib/Crystal/Coordinate.cs
 create mode 100644 CrystalInterfaceLib/Crystal/CrystalBuilder.cs
 create mode 100644 CrystalInterfaceLib/Crystal/CrystalInfo.cs
 create mode 100644 CrystalInterfaceLib/Crystal/EntityInfo.cs
 create mode 100644 CrystalInterfaceLib/Crystal/EntryCrystal.cs
 create mode 100644 CrystalInterfaceLib/Crystal/Matrix.cs
 create mode 100644 CrystalInterfaceLib/Crystal/MatrixElement.cs
 create mode 100644 CrystalInterfaceLib/Crystal/NcsOperator.cs
 create mode 100644 CrystalInterfaceLib/Crystal/PdbBuGenerator.cs
 create mode 100644 CrystalInterfaceLib/Crystal/PdbDbBuGenerator.cs
 create mode 100644 CrystalInterfaceLib/Crystal/PisaBuGenerator.cs
 create mode 100644 CrystalInterfaceLib/Crystal/PisaBuGenerator.cs~
 create mode 100644 CrystalInterfaceLib/Crystal/PqsBuGenerator.cs
 create mode 100644 CrystalInterfaceLib/Crystal/Residue.cs
 create mode 100644 CrystalInterfaceLib/Crystal/SymOperator.cs
 create mode 100644 CrystalInterfaceLib/Crystal/SymOps.cs
 create mode 100644 CrystalInterfaceLib/CrystalInterfaceLib.csproj
 create mode 100644 CrystalInterfaceLib/CrystalInterfaceLib.csproj.user
 create mode 100644 CrystalInterfaceLib/DomainInterfaces/DomainInterface.cs
 create mode 100644 CrystalInterfaceLib/DomainInterfaces/DomainInterfaceComp/DomainAlignment.cs
 create mode 100644 CrystalInterfaceLib/DomainInterfaces/DomainInterfaceComp/DomainInterfaceComp.cs
 create mode 100644 CrystalInterfaceLib/DomainInterfaces/DomainInterfaceComp/SuperpositionDomain.cs
 create mode 100644 CrystalInterfaceLib/DomainInterfaces/DomainInterfaceInfo.cs
 create mode 100644 CrystalInterfaceLib/DomainInterfaces/DomainInterfacePairInfo.cs
 create mode 100644 CrystalInterfaceLib/DomainInterfaces/Range.cs
 create mode 100644 CrystalInterfaceLib/FileParser/CrystalXmlBuilder.cs
 create mode 100644 CrystalInterfaceLib/FileParser/PdbBuFileParser.cs
 create mode 100644 CrystalInterfaceLib/FileParser/SymOpFileParser.cs
 create mode 100644 CrystalInterfaceLib/FileParser/XmlAtomParser.cs
 create mode 100644 CrystalInterfaceLib/KDops/BVTree.cs
 create mode 100644 CrystalInterfaceLib/KDops/BoundingBox.cs
 create mode 100644 CrystalInterfaceLib/KDops/KVector.cs
 create mode 100644 CrystalInterfaceLib/KDops/Node.cs
 create mode 100644 CrystalInterfaceLib/ProtInterfaces/AsaCalculator.cs
 create mode 100644 CrystalInterfaceLib/ProtInterfaces/InterfaceAsa.cs
 create mode 100644 CrystalInterfaceLib/ProtInterfaces/InterfaceFileWriter.cs
 create mode 100644 CrystalInterfaceLib/ProtInterfaces/InterfaceSymmetryIndex.cs
 create mode 100644 CrystalInterfaceLib/ProtInterfaces/ProtInterface.cs
 create mode 100644 CrystalInterfaceLib/ProtInterfaces/ProtInterfaceInfo.cs
 create mode 100644 CrystalInterfaceLib/Settings/AppSettings.cs
 create mode 100644 CrystalInterfaceLib/Settings/ParameterSettings.cs
 create mode 100644 CrystalInterfaceLib/SimMethod/SimScoreFunc.cs
 create mode 100644 CrystalInterfaceLib/StructureComp/HomoEntryComp/SupInterfacesComp.cs
 create mode 100644 CrystalInterfaceLib/StructureComp/HomoEntryComp/SuperpositionInterfaces.cs
 create mode 100644 CrystalInterfaceLib/StructureComp/InterfacePairInfo.cs
 create mode 100644 CrystalInterfaceLib/StructureComp/InterfacesComp.cs
 create mode 100644 CrystalInterfaceLib/StructureComp/Rmsd.cs
 create mode 100644 CrystalInterfaceLib/StructureComp/StructAlign.cs
 create mode 100644 CrystalInterfaceLib/StructureComp/StructAlignOutput.cs
 create mode 100644 CrystalInterfaceLib/bin/Debug/AuxFuncLib.dll
 create mode 100644 CrystalInterfaceLib/bin/Debug/AuxFuncLib.pdb
 create mode 100644 CrystalInterfaceLib/bin/Debug/BuQueryLib.dll
 create mode 100644 CrystalInterfaceLib/bin/Debug/BuQueryLib.pdb
 create mode 100644 CrystalInterfaceLib/bin/Debug/CrystalInterfaceLib.dll
 create mode 100644 CrystalInterfaceLib/bin/Debug/CrystalInterfaceLib.pdb
 create mode 100644 CrystalInterfaceLib/bin/Debug/DbLib.dll
 create mode 100644 CrystalInterfaceLib/bin/Debug/DbLib.pdb
 create mode 100644 CrystalInterfaceLib/bin/Debug/ProgressLib.dll
 create mode 100644 CrystalInterfaceLib/bin/Debug/ProgressLib.pdb
 create mode 100644 CrystalInterfaceLib/bin/Debug/ProtCidSettingsLib.dll
 create mode 100644 CrystalInterfaceLib/bin/Debug/ProtCidSettingsLib.pdb
 create mode 100644 CrystalInterfaceLib/bin/Release/AuxFuncLib.dll
 create mode 100644 CrystalInterfaceLib/bin/Release/BuQueryLib.dll
 create mode 100644 CrystalInterfaceLib/bin/Release/DbLib.dll
 create mode 100644 CrystalInterfaceLib/bin/Release/DbLib.pdb
 create mode 100644 CrystalInterfaceLib/bin/Release/ProgressLib.dll
 create mode 100644 CrystalInterfaceLib/bin/Release/ProgressLib.pdb
 create mode 100644 CrystalInterfaceLib/bin/Release/ProtBuDLib.dll
 create mode 100644 CrystalInterfaceLib/bin/Release/edtftpnet-1.1.9.dll
 create mode 100644 CrystalInterfaceLib/obj/Debug/CSC9A9.tmp
 create mode 100644 CrystalInterfaceLib/obj/Debug/CrystalInterfaceLib.csproj.FileListAbsolute.txt
 create mode 100644 CrystalInterfaceLib/obj/Debug/CrystalInterfaceLib.dll
 create mode 100644 CrystalInterfaceLib/obj/Debug/CrystalInterfaceLib.pdb
 create mode 100644 CrystalInterfaceLib/obj/Debug/DesignTimeResolveAssemblyReferencesInput.cache
 create mode 100644 CrystalInterfaceLib/obj/Debug/Refactor/XtalLib.dll
 create mode 100644 CrystalInterfaceLib/obj/Debug/ResolveAssemblyReference.cache
 create mode 100644 CrystalInterfaceLib/obj/Debug/TemporaryGeneratedFile_036C0B5B-1481-4323-8D20-8F5ADCB23D92.cs
 create mode 100644 CrystalInterfaceLib/obj/Debug/TemporaryGeneratedFile_5937a670-0e60-4077-877b-f7221da3dda1.cs
 create mode 100644 CrystalInterfaceLib/obj/Debug/TemporaryGeneratedFile_E7A71F73-0F8D-4B9B-B56E-8E70B10BC5D3.cs
 create mode 100644 CrystalInterfaceLib/obj/Debug/XtalLib.csproj.FileListAbsolute.txt
 create mode 100644 CrystalInterfaceLib/obj/Debug/XtalLib.csprojResolveAssemblyReference.cache
 create mode 100644 CrystalInterfaceLib/obj/Debug/XtalLib.projdata
 create mode 100644 CrystalInterfaceLib/obj/Debug/XtalLib.projdata1
 create mode 100644 CrystalInterfaceLib/obj/Release/DesignTimeResolveAssemblyReferencesInput.cache
 create mode 100644 CrystalInterfaceLib/obj/Release/ResolveAssemblyReference.cache
 create mode 100644 CrystalInterfaceLib/obj/Release/TemporaryGeneratedFile_036C0B5B-1481-4323-8D20-8F5ADCB23D92.cs
 create mode 100644 CrystalInterfaceLib/obj/Release/TemporaryGeneratedFile_5937a670-0e60-4077-877b-f7221da3dda1.cs
 create mode 100644 CrystalInterfaceLib/obj/Release/TemporaryGeneratedFile_E7A71F73-0F8D-4B9B-B56E-8E70B10BC5D3.cs
 create mode 100644 CrystalInterfaceLib/obj/Release/XtalLib.csproj.FileListAbsolute.txt
 create mode 100644 CrystalInterfaceLib/obj/Release/XtalLib.dll
 create mode 100644 CrystalInterfaceLib/obj/Release/XtalLib.projdata
 create mode 100644 DataCollectorLib/DataCollectorLib.csproj
 create mode 100644 DataCollectorLib/DataCollectorLib.csproj.user
 create mode 100644 DataCollectorLib/FatcatAlignment/AlignSeqInfo.cs
 create mode 100644 DataCollectorLib/FatcatAlignment/AlignSeqNumConverter.cs
 create mode 100644 DataCollectorLib/FatcatAlignment/AlignmentsRetriever.cs
 create mode 100644 DataCollectorLib/FatcatAlignment/DomainAlignSeqInfo.cs
 create mode 100644 DataCollectorLib/FatcatAlignment/FatcatAlignmentParser.cs
 create mode 100644 DataCollectorLib/FatcatAlignment/FatcatEntryPairs.cs
 create mode 100644 DataCollectorLib/FatcatAlignment/FatcatTables.cs
 create mode 100644 DataCollectorLib/FatcatAlignment/FatcatUpdate.cs
 create mode 100644 DataCollectorLib/HHAlignment/HhrFileParser.cs
 create mode 100644 DataCollectorLib/Pfam/PfamAlignInfo.cs
 create mode 100644 DataCollectorLib/Pfam/PfamDbBuilder.cs
 create mode 100644 DataCollectorLib/Pfam/PfamDomainAlignments.cs
 create mode 100644 DataCollectorLib/Pfam/PfamDomainGenerator.cs
 create mode 100644 DataCollectorLib/Pfam/PfamDomainInfo.cs
 create mode 100644 DataCollectorLib/Pfam/PfamDomainPairs.cs
 create mode 100644 DataCollectorLib/Pfam/PfamDomainRangeUpdate.cs
 create mode 100644 DataCollectorLib/Pfam/SequencePfamAlign.cs
 create mode 100644 DataCollectorLib/PfamDomainAlignments0.cs
 create mode 100644 DataCollectorLib/Pisces/DbDataDownloader.cs
 create mode 100644 DataCollectorLib/Pisces/PiscesDataCollector.cs
 create mode 100644 DataCollectorLib/Pisces/PiscesDataTables.cs
 create mode 100644 DataCollectorLib/Pisces/PiscesFileParser.cs
 create mode 100644 DataCollectorLib/Properties/AssemblyInfo.cs
 create mode 100644 DataCollectorLib/ScopDomainProcessor/ScopDomainPairs.cs
 create mode 100644 DataCollectorLib/Uniprot/BlastUnpAlignments.cs
 create mode 100644 DataCollectorLib/Uniprot/PdbSequenceOutput.cs
 create mode 100644 DataCollectorLib/Uniprot/PdbUnpMatchDbFileParser.cs
 create mode 100644 DataCollectorLib/Uniprot/PdbUnpMatchFileParser.cs
 create mode 100644 DataCollectorLib/Uniprot/UnpSeqRetriever.cs
 create mode 100644 DataCollectorLib/Uniprot/UnpSeqRetriever0.cs
 create mode 100644 DataCollectorLib/bin/Debug/AuxFuncLib.dll
 create mode 100644 DataCollectorLib/bin/Debug/AuxFuncLib.pdb
 create mode 100644 DataCollectorLib/bin/Debug/BuQueryLib.dll
 create mode 100644 DataCollectorLib/bin/Debug/BuQueryLib.pdb
 create mode 100644 DataCollectorLib/bin/Debug/CrystalInterfaceLib.dll
 create mode 100644 DataCollectorLib/bin/Debug/CrystalInterfaceLib.pdb
 create mode 100644 DataCollectorLib/bin/Debug/DataCollectorLib.dll
 create mode 100644 DataCollectorLib/bin/Debug/DataCollectorLib.pdb
 create mode 100644 DataCollectorLib/bin/Debug/DbLib.dll
 create mode 100644 DataCollectorLib/bin/Debug/DbLib.pdb
 create mode 100644 DataCollectorLib/bin/Debug/ProgressLib.dll
 create mode 100644 DataCollectorLib/bin/Debug/ProgressLib.pdb
 create mode 100644 DataCollectorLib/bin/Debug/ProtCidSettingsLib.dll
 create mode 100644 DataCollectorLib/bin/Debug/ProtCidSettingsLib.pdb
 create mode 100644 DataCollectorLib/bin/Release/AuxFuncLib.dll
 create mode 100644 DataCollectorLib/bin/Release/AuxFuncLib.pdb
 create mode 100644 DataCollectorLib/bin/Release/BuQueryLib.dll
 create mode 100644 DataCollectorLib/bin/Release/DataCollectorLib.dll
 create mode 100644 DataCollectorLib/bin/Release/DataCollectorLib.pdb
 create mode 100644 DataCollectorLib/bin/Release/DbLib.dll
 create mode 100644 DataCollectorLib/bin/Release/DbLib.pdb
 create mode 100644 DataCollectorLib/bin/Release/ProgressLib.dll
 create mode 100644 DataCollectorLib/bin/Release/ProgressLib.pdb
 create mode 100644 DataCollectorLib/bin/Release/XtalLib.dll
 create mode 100644 DataCollectorLib/bin/Release/edtFTPnet.dll
 create mode 100644 DataCollectorLib/obj/Debug/DataCollectorLib.csproj.FileListAbsolute.txt
 create mode 100644 DataCollectorLib/obj/Debug/DataCollectorLib.csprojResolveAssemblyReference.cache
 create mode 100644 DataCollectorLib/obj/Debug/DataCollectorLib.dll
 create mode 100644 DataCollectorLib/obj/Debug/DataCollectorLib.pdb
 create mode 100644 DataCollectorLib/obj/Debug/DesignTimeResolveAssemblyReferencesInput.cache
 create mode 100644 DataCollectorLib/obj/Debug/Refactor/DataCollectorLib.dll
 create mode 100644 DataCollectorLib/obj/Debug/ResolveAssemblyReference.cache
 create mode 100644 DataCollectorLib/obj/Debug/TemporaryGeneratedFile_036C0B5B-1481-4323-8D20-8F5ADCB23D92.cs
 create mode 100644 DataCollectorLib/obj/Debug/TemporaryGeneratedFile_5937a670-0e60-4077-877b-f7221da3dda1.cs
 create mode 100644 DataCollectorLib/obj/Debug/TemporaryGeneratedFile_E7A71F73-0F8D-4B9B-B56E-8E70B10BC5D3.cs
 create mode 100644 DataCollectorLib/obj/Release/DataCollectorLib.csproj.FileListAbsolute.txt
 create mode 100644 DataCollectorLib/obj/Release/DataCollectorLib.dll
 create mode 100644 DataCollectorLib/obj/Release/DataCollectorLib.pdb
 create mode 100644 DataCollectorLib/obj/Release/DesignTimeResolveAssemblyReferencesInput.cache
 create mode 100644 DataCollectorLib/obj/Release/ResolveAssemblyReference.cache
 create mode 100644 DataCollectorLib/obj/Release/TemporaryGeneratedFile_036C0B5B-1481-4323-8D20-8F5ADCB23D92.cs
 create mode 100644 DataCollectorLib/obj/Release/TemporaryGeneratedFile_5937a670-0e60-4077-877b-f7221da3dda1.cs
 create mode 100644 DataCollectorLib/obj/Release/TemporaryGeneratedFile_E7A71F73-0F8D-4B9B-B56E-8E70B10BC5D3.cs
 create mode 100644 DataCollectorLib/rpsblast/PdbSequenceReader.cs
 create mode 100644 DbLib/AssemblyInfo.cs
 create mode 100644 DbLib/DbBuilder.cs
 create mode 100644 DbLib/DbConnect.cs
 create mode 100644 DbLib/DbCreator.cs
 create mode 100644 DbLib/DbInsert.cs
 create mode 100644 DbLib/DbLib.csproj
 create mode 100644 DbLib/DbLib.csproj.user
 create mode 100644 DbLib/DbOperators.cs
 create mode 100644 DbLib/DbQuery.cs
 create mode 100644 DbLib/DbUpdate.cs
 create mode 100644 DbLib/InsertionSqlString.cs
 create mode 100644 DbLib/bin/Debug/DbLib.dll
 create mode 100644 DbLib/bin/Debug/DbLib.pdb
 create mode 100644 DbLib/bin/Release/DbLib.dll
 create mode 100644 DbLib/bin/Release/ProgressLib.dll
 create mode 100644 DbLib/obj/Debug/DbLib.csproj.FileListAbsolute.txt
 create mode 100644 DbLib/obj/Debug/DbLib.csprojResolveAssemblyReference.cache
 create mode 100644 DbLib/obj/Debug/DbLib.dll
 create mode 100644 DbLib/obj/Debug/DbLib.pdb
 create mode 100644 DbLib/obj/Debug/DbLib.projdata
 create mode 100644 DbLib/obj/Debug/DbLib.projdata1
 create mode 100644 DbLib/obj/Debug/DesignTimeResolveAssemblyReferencesInput.cache
 create mode 100644 DbLib/obj/Debug/Refactor/DbLib.dll
 create mode 100644 DbLib/obj/Debug/TemporaryGeneratedFile_036C0B5B-1481-4323-8D20-8F5ADCB23D92.cs
 create mode 100644 DbLib/obj/Debug/TemporaryGeneratedFile_5937a670-0e60-4077-877b-f7221da3dda1.cs
 create mode 100644 DbLib/obj/Debug/TemporaryGeneratedFile_E7A71F73-0F8D-4B9B-B56E-8E70B10BC5D3.cs
 create mode 100644 DbLib/obj/Release/DbLib.csproj.FileListAbsolute.txt
 create mode 100644 DbLib/obj/Release/DbLib.csprojResolveAssemblyReference.cache
 create mode 100644 DbLib/obj/Release/DbLib.dll
 create mode 100644 DbLib/obj/Release/DbLib.projdata
 create mode 100644 DbLib/obj/Release/DesignTimeResolveAssemblyReferencesInput.cache
 create mode 100644 DbLib/obj/Release/TemporaryGeneratedFile_036C0B5B-1481-4323-8D20-8F5ADCB23D92.cs
 create mode 100644 DbLib/obj/Release/TemporaryGeneratedFile_5937a670-0e60-4077-877b-f7221da3dda1.cs
 create mode 100644 DbLib/obj/Release/TemporaryGeneratedFile_E7A71F73-0F8D-4B9B-B56E-8E70B10BC5D3.cs
 create mode 100644 InterfaceClusterLib/Alignments/AlignmentBlosumScore.cs
 create mode 100644 InterfaceClusterLib/Alignments/EntryAlignment.cs
 create mode 100644 InterfaceClusterLib/Alignments/GroupEntryAlignments.cs
 create mode 100644 InterfaceClusterLib/Alignments/GroupEntryAlignmentsUpdate.cs
 create mode 100644 InterfaceClusterLib/Alignments/HHAlignments.cs
 create mode 100644 InterfaceClusterLib/Alignments/HomoEntryAlignInfo.cs
 create mode 100644 InterfaceClusterLib/AssemblyInfo.cs
 create mode 100644 InterfaceClusterLib/AuxFuncs/ChainDomainUnpPfamArch.cs
 create mode 100644 InterfaceClusterLib/AuxFuncs/DbBuilderHelper.cs
 create mode 100644 InterfaceClusterLib/AuxFuncs/DownloadableFileName.cs
 create mode 100644 InterfaceClusterLib/AuxFuncs/EntryCrystForms.cs
 create mode 100644 InterfaceClusterLib/AuxFuncs/FileCompress.cs
 create mode 100644 InterfaceClusterLib/AuxFuncs/InterfaceSeqNumberConverter.cs
 create mode 100644 InterfaceClusterLib/AuxFuncs/PfamFileName.cs
 create mode 100644 InterfaceClusterLib/AuxFuncs/RowSorter.cs
 create mode 100644 InterfaceClusterLib/AuxFuncs/UnitCellInfo.cs
 create mode 100644 InterfaceClusterLib/AuxFuncs/UpdateEntriesDifVersionPfams.cs
 create mode 100644 InterfaceClusterLib/ChainInterfaces/ChainClusterCompress.cs
 create mode 100644 InterfaceClusterLib/ChainInterfaces/ChainClusterStat.cs
 create mode 100644 InterfaceClusterLib/ChainInterfaces/ChainGroupRepEntryComp.cs
 create mode 100644 InterfaceClusterLib/ChainInterfaces/ChainGroupsClassifier.cs
 create mode 100644 InterfaceClusterLib/ChainInterfaces/ChainInterfaceBuilder.cs
 create mode 100644 InterfaceClusterLib/ChainInterfaces/ChainInterfaceCluster.cs
 create mode 100644 InterfaceClusterLib/ChainInterfaces/InterfaceFilesReverser.cs
 create mode 100644 InterfaceClusterLib/ChainInterfaces/InterfaceSymmetry.cs
 create mode 100644 InterfaceClusterLib/ChainInterfaces/SeqFastaGenerator.cs
 create mode 100644 InterfaceClusterLib/ClanDomainInterfaces/ClanDomainClusterFilesCompress.cs
 create mode 100644 InterfaceClusterLib/ClanDomainInterfaces/ClanDomainInterfaceBuilder.cs
 create mode 100644 InterfaceClusterLib/ClanDomainInterfaces/ClanDomainInterfaceCluster.cs
 create mode 100644 InterfaceClusterLib/ClanDomainInterfaces/ClanDomainInterfaceComp.cs
 create mode 100644 InterfaceClusterLib/Clustering/Clustering.cs
 create mode 100644 InterfaceClusterLib/Clustering/InterfaceCluster.cs
 create mode 100644 InterfaceClusterLib/Clustering/NonredundantCfGroups.cs
 create mode 100644 InterfaceClusterLib/Clustering/RedundantCrystalForms.cs
 create mode 100644 InterfaceClusterLib/CrystBuInterfaceComp/CrystEntryInterfaceComp.cs
 create mode 100644 InterfaceClusterLib/CrystBuInterfaceComp/EntryCrystBuInterfaceComp.cs
 create mode 100644 InterfaceClusterLib/DataTables/CrystInterfaceTables.cs
 create mode 100644 InterfaceClusterLib/DataTables/DbTableNames.cs
 create mode 100644 InterfaceClusterLib/DataTables/HomoGroupTables.cs
 create mode 100644 InterfaceClusterLib/DomainInterfaces/DomainClassifier/DomainClassifier.cs
 create mode 100644 InterfaceClusterLib/DomainInterfaces/DomainClassifier/DomainInterfaceSA.cs
 create mode 100644 InterfaceClusterLib/DomainInterfaces/DomainClassifier/DomainInterfaceTables.cs
 create mode 100644 InterfaceClusterLib/DomainInterfaces/DomainClassifier/FamilyDomainAlign.cs
 create mode 100644 InterfaceClusterLib/DomainInterfaces/DomainCluster/DomainClusterStat.cs
 create mode 100644 InterfaceClusterLib/DomainInterfaces/DomainCluster/DomainInterfaceCluster.cs
 create mode 100644 InterfaceClusterLib/DomainInterfaces/DomainCluster/DomainInterfaceStatInfo.cs
 create mode 100644 InterfaceClusterLib/DomainInterfaces/DomainCluster/DomainSeqFasta.cs
 create mode 100644 InterfaceClusterLib/DomainInterfaces/DomainInterfaceBuComp/CrystBuDomainInterfaceComp.cs
 create mode 100644 InterfaceClusterLib/DomainInterfaces/DomainInterfaceBuilder.cs
 create mode 100644 InterfaceClusterLib/DomainInterfaces/DomainInterfaceComp/ClanDomainInterfaceComp.cs
 create mode 100644 InterfaceClusterLib/DomainInterfaces/DomainInterfaceComp/DomainSeqIdentity.cs
 create mode 100644 InterfaceClusterLib/DomainInterfaces/DomainInterfaceComp/PfamDomainInterfaceComp.cs
 create mode 100644 InterfaceClusterLib/DomainInterfaces/DomainInterfaceIO/DomainAtomsReader.cs
 create mode 100644 InterfaceClusterLib/DomainInterfaces/DomainInterfaceIO/DomainInterfaceImageGen.cs
 create mode 100644 InterfaceClusterLib/DomainInterfaces/DomainInterfaceIO/DomainInterfaceRetriever.cs
 create mode 100644 InterfaceClusterLib/DomainInterfaces/DomainInterfaceIO/DomainInterfaceWithinProtein.cs
 create mode 100644 InterfaceClusterLib/DomainInterfaces/DomainInterfaceIO/DomainInterfaceWriter.cs
 create mode 100644 InterfaceClusterLib/DomainInterfaces/DomainInterfaceIO/PfamClusterFilesCompress.cs
 create mode 100644 InterfaceClusterLib/DomainInterfaces/DomainInterfaceIO/PfamDomainFileCompress.cs
 create mode 100644 InterfaceClusterLib/DomainInterfaces/PfamLigand/LigandComAtomsPfam.cs
 create mode 100644 InterfaceClusterLib/DomainInterfaces/PfamLigand/LigandComPfamHmm.cs
 create mode 100644 InterfaceClusterLib/DomainInterfaces/PfamLigand/PfamDnaRnaFileCompress.cs
 create mode 100644 InterfaceClusterLib/DomainInterfaces/PfamLigand/PfamDnaRnaInteractions.cs
 create mode 100644 InterfaceClusterLib/DomainInterfaces/PfamLigand/PfamLigandClusterHmm.cs
 create mode 100644 InterfaceClusterLib/DomainInterfaces/PfamLigand/PfamLigandClusters.cs
 create mode 100644 InterfaceClusterLib/DomainInterfaces/PfamLigand/PfamLigandFileCompress.cs
 create mode 100644 InterfaceClusterLib/DomainInterfaces/PfamLigand/PfamLigandInteractionBuilder.cs
 create mode 100644 InterfaceClusterLib/DomainInterfaces/PfamLigand/PfamLigandInteractions.cs
 create mode 100644 InterfaceClusterLib/DomainInterfaces/PfamLigand/PfamLigandTableNames.cs
 create mode 100644 InterfaceClusterLib/DomainInterfaces/PfamNetwork/PfamRelNetwork.cs
 create mode 100644 InterfaceClusterLib/DomainInterfaces/PfamNetwork/UnpInteractionStr.cs
 create mode 100644 InterfaceClusterLib/DomainInterfaces/PfamPeptide/PepClusterInterfaceCompress.cs
 create mode 100644 InterfaceClusterLib/DomainInterfaces/PfamPeptide/PeptideChainInterfaceRmsd.cs
 create mode 100644 InterfaceClusterLib/DomainInterfaces/PfamPeptide/PeptideInterfaceCluster.cs
 create mode 100644 InterfaceClusterLib/DomainInterfaces/PfamPeptide/PeptideInterfaceClusterStat.cs
 create mode 100644 InterfaceClusterLib/DomainInterfaces/PfamPeptide/PeptideInterfaceRmsd.cs
 create mode 100644 InterfaceClusterLib/DomainInterfaces/PfamPeptide/PfamChainInterfaceHmmSites.cs
 create mode 100644 InterfaceClusterLib/DomainInterfaces/PfamPeptide/PfamHmmSites.cs
 create mode 100644 InterfaceClusterLib/DomainInterfaces/PfamPeptide/PfamInterfaceRmsd.cs
 create mode 100644 InterfaceClusterLib/DomainInterfaces/PfamPeptide/PfamPepInterfaceFileCompress.cs
 create mode 100644 InterfaceClusterLib/DomainInterfaces/PfamPeptide/PfamPepInterfaceStatInfo.cs
 create mode 100644 InterfaceClusterLib/DomainInterfaces/PfamPeptide/PfamPepInterfaceWriter.cs
 create mode 100644 InterfaceClusterLib/DomainInterfaces/PfamPeptide/PfamPepSeqFasta.cs
 create mode 100644 InterfaceClusterLib/DomainInterfaces/PfamPeptide/PfamPeptideInterfaceBuilder.cs
 create mode 100644 InterfaceClusterLib/DomainInterfaces/PfamPeptide/PfamPeptideInterfaces.cs
 create mode 100644 InterfaceClusterLib/EntryInterfaces/CrystInterfaceBuilder.cs
 create mode 100644 InterfaceClusterLib/EntryInterfaces/EntryGroupInterfaceSimilarity.cs
 create mode 100644 InterfaceClusterLib/EntryInterfaces/EntryInterfaceBuilder.cs
 create mode 100644 InterfaceClusterLib/EntryInterfaces/HomoEntryClassifier.cs
 create mode 100644 InterfaceClusterLib/EntryInterfaces/ObsoleteDataRemover.cs
 create mode 100644 InterfaceClusterLib/EntryInterfaces/PfamEntryClassifier.cs
 create mode 100644 InterfaceClusterLib/InterfaceClusterLib.csproj
 create mode 100644 InterfaceClusterLib/InterfaceClusterLib.csproj.user
 create mode 100644 InterfaceClusterLib/InterfaceImage/InterfaceImageGen.cs
 create mode 100644 InterfaceClusterLib/InterfaceProcess/CrystInterfaceProcessor.cs
 create mode 100644 InterfaceClusterLib/InterfaceProcess/CrystInterfaceRetriever.cs
 create mode 100644 InterfaceClusterLib/InterfaceProcess/GroupInterfacesRetriever.cs
 create mode 100644 InterfaceClusterLib/InterfaceProcess/HomoGroupInterfacesFinder.cs
 create mode 100644 InterfaceClusterLib/InterfaceProcess/InterfaceChainOrder.cs
 create mode 100644 InterfaceClusterLib/InterfaceProcess/InterfaceRetriever.cs
 create mode 100644 InterfaceClusterLib/Pkinase/PkinaseInterfaceClusters.cs
 create mode 100644 InterfaceClusterLib/Pkinase/PkinaseInterfaceInfo.cs
 create mode 100644 InterfaceClusterLib/Pkinase/PkinasePeptideInterfaces.cs
 create mode 100644 InterfaceClusterLib/ProtCid/BiolUnitSumInfo.cs
 create mode 100644 InterfaceClusterLib/ProtCid/EntryListProtCidInfo.cs
 create mode 100644 InterfaceClusterLib/PymolScript/DomainAlignPymolScript.cs
 create mode 100644 InterfaceClusterLib/PymolScript/InterfaceAlignPymolScript.cs
 create mode 100644 InterfaceClusterLib/PymolScript/InterfaceImagePymolScript.cs
 create mode 100644 InterfaceClusterLib/PymolScript/PymolScriptUpdater.cs
 create mode 100644 InterfaceClusterLib/UserGroupInterfaces/CommonInterfacesFinder.cs
 create mode 100644 InterfaceClusterLib/UserGroupInterfaces/UserSuperGroupInterfaceBuilder.cs
 create mode 100644 InterfaceClusterLib/bin/Debug/AuxFuncLib.dll
 create mode 100644 InterfaceClusterLib/bin/Debug/AuxFuncLib.pdb
 create mode 100644 InterfaceClusterLib/bin/Debug/BuCompLib.dll
 create mode 100644 InterfaceClusterLib/bin/Debug/BuCompLib.pdb
 create mode 100644 InterfaceClusterLib/bin/Debug/BuQueryLib.dll
 create mode 100644 InterfaceClusterLib/bin/Debug/BuQueryLib.pdb
 create mode 100644 InterfaceClusterLib/bin/Debug/CrystalInterfaceLib.dll
 create mode 100644 InterfaceClusterLib/bin/Debug/CrystalInterfaceLib.pdb
 create mode 100644 InterfaceClusterLib/bin/Debug/DataCollectorLib.dll
 create mode 100644 InterfaceClusterLib/bin/Debug/DataCollectorLib.pdb
 create mode 100644 InterfaceClusterLib/bin/Debug/DbLib.dll
 create mode 100644 InterfaceClusterLib/bin/Debug/DbLib.pdb
 create mode 100644 InterfaceClusterLib/bin/Debug/InterfaceClusterLib.dll
 create mode 100644 InterfaceClusterLib/bin/Debug/InterfaceClusterLib.pdb
 create mode 100644 InterfaceClusterLib/bin/Debug/PfamLib.dll
 create mode 100644 InterfaceClusterLib/bin/Debug/PfamLib.pdb
 create mode 100644 InterfaceClusterLib/bin/Debug/ProgressLib.dll
 create mode 100644 InterfaceClusterLib/bin/Debug/ProgressLib.pdb
 create mode 100644 InterfaceClusterLib/bin/Debug/ProtCidSettingsLib.dll
 create mode 100644 InterfaceClusterLib/bin/Debug/ProtCidSettingsLib.pdb
 create mode 100644 InterfaceClusterLib/bin/Release/AuxFuncLib.dll
 create mode 100644 InterfaceClusterLib/bin/Release/BuCompLib.dll
 create mode 100644 InterfaceClusterLib/bin/Release/BuCompLib.pdb
 create mode 100644 InterfaceClusterLib/bin/Release/BuQueryLib.dll
 create mode 100644 InterfaceClusterLib/bin/Release/DataCollectorLib.dll
 create mode 100644 InterfaceClusterLib/bin/Release/DataCollectorLib.pdb
 create mode 100644 InterfaceClusterLib/bin/Release/DbLib.dll
 create mode 100644 InterfaceClusterLib/bin/Release/DbLib.pdb
 create mode 100644 InterfaceClusterLib/bin/Release/PfamLib.dll
 create mode 100644 InterfaceClusterLib/bin/Release/PfamLib.pdb
 create mode 100644 InterfaceClusterLib/bin/Release/ProgressLib.dll
 create mode 100644 InterfaceClusterLib/bin/Release/ProgressLib.pdb
 create mode 100644 InterfaceClusterLib/bin/Release/edtftpnet-1.1.9.dll
 create mode 100644 InterfaceClusterLib/obj/Debug/CrystalInterfaceLib.csproj.FileListAbsolute.txt
 create mode 100644 InterfaceClusterLib/obj/Debug/CrystalInterfaceLib.csprojResolveAssemblyReference.cache
 create mode 100644 InterfaceClusterLib/obj/Debug/DesignTimeResolveAssemblyReferencesInput.cache
 create mode 100644 InterfaceClusterLib/obj/Debug/HomoSeqCrystalLib.csproj.FileListAbsolute.txt
 create mode 100644 InterfaceClusterLib/obj/Debug/HomoSeqCrystalLib.projdata
 create mode 100644 InterfaceClusterLib/obj/Debug/HomoSeqCrystalLib.projdata1
 create mode 100644 InterfaceClusterLib/obj/Debug/InterfaceClusterLib.csproj.FileListAbsolute.txt
 create mode 100644 InterfaceClusterLib/obj/Debug/InterfaceClusterLib.csprojResolveAssemblyReference.cache
 create mode 100644 InterfaceClusterLib/obj/Debug/InterfaceClusterLib.dll
 create mode 100644 InterfaceClusterLib/obj/Debug/InterfaceClusterLib.pdb
 create mode 100644 InterfaceClusterLib/obj/Debug/Refactor/HomoSeqCrystalLib.dll
 create mode 100644 InterfaceClusterLib/obj/Debug/ResolveAssemblyReference.cache
 create mode 100644 InterfaceClusterLib/obj/Debug/TempPE/DomainInterfaces.PfamPeptide.PeptideInterfaceCluster.Designer.cs.dll
 create mode 100644 InterfaceClusterLib/obj/Debug/TemporaryGeneratedFile_036C0B5B-1481-4323-8D20-8F5ADCB23D92.cs
 create mode 100644 InterfaceClusterLib/obj/Debug/TemporaryGeneratedFile_5937a670-0e60-4077-877b-f7221da3dda1.cs
 create mode 100644 InterfaceClusterLib/obj/Debug/TemporaryGeneratedFile_E7A71F73-0F8D-4B9B-B56E-8E70B10BC5D3.cs
 create mode 100644 InterfaceClusterLib/obj/Release/DesignTimeResolveAssemblyReferencesInput.cache
 create mode 100644 InterfaceClusterLib/obj/Release/HomoSeqCrystalLib.csproj.FileListAbsolute.txt
 create mode 100644 InterfaceClusterLib/obj/Release/HomoSeqCrystalLib.dll
 create mode 100644 InterfaceClusterLib/obj/Release/HomoSeqCrystalLib.projdata
 create mode 100644 InterfaceClusterLib/obj/Release/ResolveAssemblyReference.cache
 create mode 100644 InterfaceClusterLib/obj/Release/TemporaryGeneratedFile_036C0B5B-1481-4323-8D20-8F5ADCB23D92.cs
 create mode 100644 InterfaceClusterLib/obj/Release/TemporaryGeneratedFile_5937a670-0e60-4077-877b-f7221da3dda1.cs
 create mode 100644 InterfaceClusterLib/obj/Release/TemporaryGeneratedFile_E7A71F73-0F8D-4B9B-B56E-8E70B10BC5D3.cs
 create mode 100644 InterfaceClusterLib/stat/ClusterStat.cs
 create mode 100644 InterfaceClusterLib/stat/InterfaceStatData.cs
 create mode 100644 ProgressLib/.ProgressInfo.cs.swp
 create mode 100644 ProgressLib/AssemblyInfo.cs
 create mode 100644 ProgressLib/KDops/BVTree.cs
 create mode 100644 ProgressLib/KDops/BoundingBox.cs
 create mode 100644 ProgressLib/KDops/KVector.cs
 create mode 100644 ProgressLib/KDops/Node.cs
 create mode 100644 ProgressLib/KDops/ResidueNode.cs
 create mode 100644 ProgressLib/ProgressInfo.cs
 create mode 100644 ProgressLib/ProgressLib.csproj
 create mode 100644 ProgressLib/ProgressLib.csproj.user
 create mode 100644 ProgressLib/bin/Debug/ProgressLib.dll
 create mode 100644 ProgressLib/bin/Debug/ProgressLib.pdb
 create mode 100644 ProgressLib/bin/Release/ProgressLib.dll
 create mode 100644 ProgressLib/obj/Debug/DesignTimeResolveAssemblyReferencesInput.cache
 create mode 100644 ProgressLib/obj/Debug/ProgressLib.csproj.FileListAbsolute.txt
 create mode 100644 ProgressLib/obj/Debug/ProgressLib.dll
 create mode 100644 ProgressLib/obj/Debug/ProgressLib.pdb
 create mode 100644 ProgressLib/obj/Debug/ProgressLib.projdata
 create mode 100644 ProgressLib/obj/Debug/ProgressLib.projdata1
 create mode 100644 ProgressLib/obj/Debug/Refactor/ProgressLib.dll
 create mode 100644 ProgressLib/obj/Debug/TemporaryGeneratedFile_036C0B5B-1481-4323-8D20-8F5ADCB23D92.cs
 create mode 100644 ProgressLib/obj/Debug/TemporaryGeneratedFile_5937a670-0e60-4077-877b-f7221da3dda1.cs
 create mode 100644 ProgressLib/obj/Debug/TemporaryGeneratedFile_E7A71F73-0F8D-4B9B-B56E-8E70B10BC5D3.cs
 create mode 100644 ProgressLib/obj/Release/DesignTimeResolveAssemblyReferencesInput.cache
 create mode 100644 ProgressLib/obj/Release/ProgressLib.csproj.FileListAbsolute.txt
 create mode 100644 ProgressLib/obj/Release/ProgressLib.dll
 create mode 100644 ProgressLib/obj/Release/ProgressLib.projdata
 create mode 100644 ProgressLib/obj/Release/TemporaryGeneratedFile_036C0B5B-1481-4323-8D20-8F5ADCB23D92.cs
 create mode 100644 ProgressLib/obj/Release/TemporaryGeneratedFile_5937a670-0e60-4077-877b-f7221da3dda1.cs
 create mode 100644 ProgressLib/obj/Release/TemporaryGeneratedFile_E7A71F73-0F8D-4B9B-B56E-8E70B10BC5D3.cs
 create mode 100644 ProtCIDPaperDataLib/BiogenDataGen.cs
 create mode 100644 ProtCIDPaperDataLib/ExternalClusterData.cs
 create mode 100644 ProtCIDPaperDataLib/NotPaperDataInfo.cs
 create mode 100644 ProtCIDPaperDataLib/Properties/AssemblyInfo.cs
 create mode 100644 ProtCIDPaperDataLib/ProtCIDPaperDataLib.csproj
 create mode 100644 ProtCIDPaperDataLib/bin/Debug/AuxFuncLib.dll
 create mode 100644 ProtCIDPaperDataLib/bin/Debug/AuxFuncLib.pdb
 create mode 100644 ProtCIDPaperDataLib/bin/Debug/BuCompLib.dll
 create mode 100644 ProtCIDPaperDataLib/bin/Debug/BuCompLib.pdb
 create mode 100644 ProtCIDPaperDataLib/bin/Debug/BuQueryLib.dll
 create mode 100644 ProtCIDPaperDataLib/bin/Debug/BuQueryLib.pdb
 create mode 100644 ProtCIDPaperDataLib/bin/Debug/CrystalInterfaceLib.dll
 create mode 100644 ProtCIDPaperDataLib/bin/Debug/CrystalInterfaceLib.pdb
 create mode 100644 ProtCIDPaperDataLib/bin/Debug/DataCollectorLib.dll
 create mode 100644 ProtCIDPaperDataLib/bin/Debug/DataCollectorLib.pdb
 create mode 100644 ProtCIDPaperDataLib/bin/Debug/DbLib.dll
 create mode 100644 ProtCIDPaperDataLib/bin/Debug/DbLib.pdb
 create mode 100644 ProtCIDPaperDataLib/bin/Debug/InterfaceClusterLib.dll
 create mode 100644 ProtCIDPaperDataLib/bin/Debug/InterfaceClusterLib.pdb
 create mode 100644 ProtCIDPaperDataLib/bin/Debug/PfamLib.dll
 create mode 100644 ProtCIDPaperDataLib/bin/Debug/PfamLib.pdb
 create mode 100644 ProtCIDPaperDataLib/bin/Debug/ProgressLib.dll
 create mode 100644 ProtCIDPaperDataLib/bin/Debug/ProgressLib.pdb
 create mode 100644 ProtCIDPaperDataLib/bin/Debug/ProtCIDPaperDataLib.dll
 create mode 100644 ProtCIDPaperDataLib/bin/Debug/ProtCIDPaperDataLib.pdb
 create mode 100644 ProtCIDPaperDataLib/bin/Debug/ProtCidSettingsLib.dll
 create mode 100644 ProtCIDPaperDataLib/bin/Debug/ProtCidSettingsLib.pdb
 create mode 100644 ProtCIDPaperDataLib/obj/Debug/DesignTimeResolveAssemblyReferencesInput.cache
 create mode 100644 ProtCIDPaperDataLib/obj/Debug/ProtCIDPaperDataLib.csproj.FileListAbsolute.txt
 create mode 100644 ProtCIDPaperDataLib/obj/Debug/ProtCIDPaperDataLib.csprojResolveAssemblyReference.cache
 create mode 100644 ProtCIDPaperDataLib/obj/Debug/ProtCIDPaperDataLib.dll
 create mode 100644 ProtCIDPaperDataLib/obj/Debug/ProtCIDPaperDataLib.pdb
 create mode 100644 ProtCIDPaperDataLib/obj/Debug/TemporaryGeneratedFile_036C0B5B-1481-4323-8D20-8F5ADCB23D92.cs
 create mode 100644 ProtCIDPaperDataLib/obj/Debug/TemporaryGeneratedFile_5937a670-0e60-4077-877b-f7221da3dda1.cs
 create mode 100644 ProtCIDPaperDataLib/obj/Debug/TemporaryGeneratedFile_E7A71F73-0F8D-4B9B-B56E-8E70B10BC5D3.cs
 create mode 100644 ProtCIDPaperDataLib/paper/BenchmarkDataInfo.cs
 create mode 100644 ProtCIDPaperDataLib/paper/BioAssemblyDataInfo.cs
 create mode 100644 ProtCIDPaperDataLib/paper/ClusterInfo.cs
 create mode 100644 ProtCIDPaperDataLib/paper/ComplexStructures.cs
 create mode 100644 ProtCIDPaperDataLib/paper/Complexes.cs
 create mode 100644 ProtCIDPaperDataLib/paper/DomainSuperpositionRmsd.cs
 create mode 100644 ProtCIDPaperDataLib/paper/EMStructuresInfo.cs
 create mode 100644 ProtCIDPaperDataLib/paper/HumanUnpDataInfo.cs
 create mode 100644 ProtCIDPaperDataLib/paper/InterfaceSymmetryDataInfo.cs
 create mode 100644 ProtCIDPaperDataLib/paper/PaperDataInfo.cs
 create mode 100644 ProtCIDPaperDataLib/paper/PaperDnaRnaDataInfo.cs
 create mode 100644 ProtCIDPaperDataLib/paper/PaperLigandDataInfo.cs
 create mode 100644 ProtCIDPaperDataLib/paper/PaperPeptideDataInfo.cs
 create mode 100644 ProtCIDPaperDataLib/paper/PdbBaDataInfo.cs
 create mode 100644 ProtCIDPaperDataLib/paper/PdbPisaBaDataInfo.cs
 create mode 100644 ProtCIDPaperDataLib/paper/PymolScriptRewriter.cs
 create mode 100644 ProtCIDWebDataLib/DownloaderFileRename.cs
 create mode 100644 ProtCIDWebDataLib/PfamData.cs
 create mode 100644 ProtCIDWebDataLib/PfamDomainInterfaceSumTables.cs
 create mode 100644 ProtCIDWebDataLib/Properties/AssemblyInfo.cs
 create mode 100644 ProtCIDWebDataLib/ProtCIDWebDataLib.csproj
 create mode 100644 ProtCIDWebDataLib/bin/Debug/AuxFuncLib.dll
 create mode 100644 ProtCIDWebDataLib/bin/Debug/AuxFuncLib.pdb
 create mode 100644 ProtCIDWebDataLib/bin/Debug/BuCompLib.dll
 create mode 100644 ProtCIDWebDataLib/bin/Debug/BuCompLib.pdb
 create mode 100644 ProtCIDWebDataLib/bin/Debug/BuQueryLib.dll
 create mode 100644 ProtCIDWebDataLib/bin/Debug/BuQueryLib.pdb
 create mode 100644 ProtCIDWebDataLib/bin/Debug/CrystalInterfaceLib.dll
 create mode 100644 ProtCIDWebDataLib/bin/Debug/CrystalInterfaceLib.pdb
 create mode 100644 ProtCIDWebDataLib/bin/Debug/DataCollectorLib.dll
 create mode 100644 ProtCIDWebDataLib/bin/Debug/DataCollectorLib.pdb
 create mode 100644 ProtCIDWebDataLib/bin/Debug/DbLib.dll
 create mode 100644 ProtCIDWebDataLib/bin/Debug/DbLib.pdb
 create mode 100644 ProtCIDWebDataLib/bin/Debug/InterfaceClusterLib.dll
 create mode 100644 ProtCIDWebDataLib/bin/Debug/InterfaceClusterLib.pdb
 create mode 100644 ProtCIDWebDataLib/bin/Debug/PfamLib.dll
 create mode 100644 ProtCIDWebDataLib/bin/Debug/PfamLib.pdb
 create mode 100644 ProtCIDWebDataLib/bin/Debug/ProgressLib.dll
 create mode 100644 ProtCIDWebDataLib/bin/Debug/ProgressLib.pdb
 create mode 100644 ProtCIDWebDataLib/bin/Debug/ProtCIDWebDataLib.dll
 create mode 100644 ProtCIDWebDataLib/bin/Debug/ProtCIDWebDataLib.pdb
 create mode 100644 ProtCIDWebDataLib/bin/Debug/ProtCidSettingsLib.dll
 create mode 100644 ProtCIDWebDataLib/bin/Debug/ProtCidSettingsLib.pdb
 create mode 100644 ProtCIDWebDataLib/obj/Debug/DesignTimeResolveAssemblyReferencesInput.cache
 create mode 100644 ProtCIDWebDataLib/obj/Debug/ProtCIDWebDataLib.csproj.FileListAbsolute.txt
 create mode 100644 ProtCIDWebDataLib/obj/Debug/ProtCIDWebDataLib.csprojResolveAssemblyReference.cache
 create mode 100644 ProtCIDWebDataLib/obj/Debug/ProtCIDWebDataLib.dll
 create mode 100644 ProtCIDWebDataLib/obj/Debug/ProtCIDWebDataLib.pdb
 create mode 100644 ProtCIDWebDataLib/obj/Debug/TemporaryGeneratedFile_036C0B5B-1481-4323-8D20-8F5ADCB23D92.cs
 create mode 100644 ProtCIDWebDataLib/obj/Debug/TemporaryGeneratedFile_5937a670-0e60-4077-877b-f7221da3dda1.cs
 create mode 100644 ProtCIDWebDataLib/obj/Debug/TemporaryGeneratedFile_E7A71F73-0F8D-4B9B-B56E-8E70B10BC5D3.cs
 create mode 100644 ProtCidLibraries.sln
 create mode 100644 ProtCidLibraries.v12.suo
 create mode 100644 ProtCidLibraries/App.config
 create mode 100644 ProtCidLibraries/LibTest.Designer.cs
 create mode 100644 ProtCidLibraries/LibTest.cs
 create mode 100644 ProtCidLibraries/LibTest.resx
 create mode 100644 ProtCidLibraries/Program.cs
 create mode 100644 ProtCidLibraries/Properties/AssemblyInfo.cs
 create mode 100644 ProtCidLibraries/Properties/Resources.Designer.cs
 create mode 100644 ProtCidLibraries/Properties/Resources.resx
 create mode 100644 ProtCidLibraries/Properties/Settings.Designer.cs
 create mode 100644 ProtCidLibraries/Properties/Settings.settings
 create mode 100644 ProtCidLibraries/ProtCidLibraries.csproj
 create mode 100644 ProtCidLibraries/bin/Debug/.ProtcidDbBuildLog0.txt.swo
 create mode 100644 ProtCidLibraries/bin/Debug/.ProtcidDbBuildLog0.txt.swp
 create mode 100644 ProtCidLibraries/bin/Debug/AuxFuncLib.dll
 create mode 100644 ProtCidLibraries/bin/Debug/AuxFuncLib.pdb
 create mode 100644 ProtCidLibraries/bin/Debug/BuCompLib.dll
 create mode 100644 ProtCidLibraries/bin/Debug/BuCompLib.pdb
 create mode 100644 ProtCidLibraries/bin/Debug/BuQueryLib.dll
 create mode 100644 ProtCidLibraries/bin/Debug/BuQueryLib.pdb
 create mode 100644 ProtCidLibraries/bin/Debug/BugFixingLib.dll
 create mode 100644 ProtCidLibraries/bin/Debug/BugFixingLib.pdb
 create mode 100644 ProtCidLibraries/bin/Debug/CrystalInterfaceLib.dll
 create mode 100644 ProtCidLibraries/bin/Debug/CrystalInterfaceLib.pdb
 create mode 100644 ProtCidLibraries/bin/Debug/DataCollectorLib.dll
 create mode 100644 ProtCidLibraries/bin/Debug/DataCollectorLib.pdb
 create mode 100644 ProtCidLibraries/bin/Debug/DbLib.dll
 create mode 100644 ProtCidLibraries/bin/Debug/DbLib.pdb
 create mode 100644 ProtCidLibraries/bin/Debug/DomainRmsdLog.txt
 create mode 100644 ProtCidLibraries/bin/Debug/InterfaceClusterLib.dll
 create mode 100644 ProtCidLibraries/bin/Debug/InterfaceClusterLib.pdb
 create mode 100644 ProtCidLibraries/bin/Debug/PfamLib.dll
 create mode 100644 ProtCidLibraries/bin/Debug/PfamLib.pdb
 create mode 100644 ProtCidLibraries/bin/Debug/ProgressLib.dll
 create mode 100644 ProtCidLibraries/bin/Debug/ProgressLib.pdb
 create mode 100644 ProtCidLibraries/bin/Debug/ProtCIDPaperDataLib.dll
 create mode 100644 ProtCidLibraries/bin/Debug/ProtCIDPaperDataLib.pdb
 create mode 100644 ProtCidLibraries/bin/Debug/ProtCIDWebDataLib.dll
 create mode 100644 ProtCidLibraries/bin/Debug/ProtCIDWebDataLib.pdb
 create mode 100644 ProtCidLibraries/bin/Debug/ProtCidLibraries.exe
 create mode 100644 ProtCidLibraries/bin/Debug/ProtCidLibraries.exe.config
 create mode 100644 ProtCidLibraries/bin/Debug/ProtCidLibraries.pdb
 create mode 100644 ProtCidLibraries/bin/Debug/ProtCidLibraries.vshost.exe
 create mode 100644 ProtCidLibraries/bin/Debug/ProtCidLibraries.vshost.exe.config
 create mode 100644 ProtCidLibraries/bin/Debug/ProtCidLibraries.vshost.exe.manifest
 create mode 100644 ProtCidLibraries/bin/Debug/ProtCidSettingsLib.dll
 create mode 100644 ProtCidLibraries/bin/Debug/ProtCidSettingsLib.pdb
 create mode 100644 ProtCidLibraries/bin/Debug/SeqWriteLog.txt
 create mode 100644 ProtCidLibraries/bin/Debug/UpdateGroupEntries.txt
 create mode 100644 ProtCidLibraries/bin/Debug/UpdateGroups.txt
 create mode 100644 ProtCidLibraries/bin/Debug/lsFileCmd.txt
 create mode 100644 ProtCidLibraries/bin/Debug/settings/CrystMethods.txt
 create mode 100644 ProtCidLibraries/bin/Debug/settings/blosum62.txt
 create mode 100644 ProtCidLibraries/bin/Debug/settings/dirSettings.xml
 create mode 100644 ProtCidLibraries/bin/Debug/settings/dirSettings_default.xml
 create mode 100644 ProtCidLibraries/bin/Debug/settings/dirSettings_v31.xml
 create mode 100644 ProtCidLibraries/bin/Debug/settings/interfaceDbSchema.txt
 create mode 100644 ProtCidLibraries/bin/Debug/settings/parameters.xml
 create mode 100644 ProtCidLibraries/bin/Debug/settings/space_group.cif
 create mode 100644 ProtCidLibraries/bin/Debug/settings/symOps.xml
 create mode 100644 ProtCidLibraries/bin/Debug/tools/AsaCalculator.cs
 create mode 100644 ProtCidLibraries/bin/Debug/tools/PWMSame
 create mode 100644 ProtCidLibraries/bin/Debug/tools/accall.input
 create mode 100644 ProtCidLibraries/bin/Debug/tools/accall_copy.input
 create mode 100644 ProtCidLibraries/bin/Debug/tools/bl2seq.exe
 create mode 100644 ProtCidLibraries/bin/Debug/tools/bsdcpio.exe
 create mode 100644 ProtCidLibraries/bin/Debug/tools/bsdtar.exe
 create mode 100644 ProtCidLibraries/bin/Debug/tools/bzip2.dll
 create mode 100644 ProtCidLibraries/bin/Debug/tools/gzip.exe
 create mode 100644 ProtCidLibraries/bin/Debug/tools/libarchive2.dll
 create mode 100644 ProtCidLibraries/bin/Debug/tools/mammoth.exe
 create mode 100644 ProtCidLibraries/bin/Debug/tools/maxsub_sup.pdb
 create mode 100644 ProtCidLibraries/bin/Debug/tools/maxsub_sup2.pdb
 create mode 100644 ProtCidLibraries/bin/Debug/tools/minigzip.exe
 create mode 100644 ProtCidLibraries/bin/Debug/tools/naccess.exe
 create mode 100644 ProtCidLibraries/bin/Debug/tools/naccess.rar
 create mode 100644 ProtCidLibraries/bin/Debug/tools/naccess_win.tar
 create mode 100644 ProtCidLibraries/bin/Debug/tools/plink.exe
 create mode 100644 ProtCidLibraries/bin/Debug/tools/pscp.exe
 create mode 100644 ProtCidLibraries/bin/Debug/tools/radii.txt
 create mode 100644 ProtCidLibraries/bin/Debug/tools/rasmol.tcl
 create mode 100644 ProtCidLibraries/bin/Debug/tools/standard.data
 create mode 100644 ProtCidLibraries/bin/Debug/tools/sult_asa.rar
 create mode 100644 ProtCidLibraries/bin/Debug/tools/surfrace.exe
 create mode 100644 ProtCidLibraries/bin/Debug/tools/surfrace5_0.exe
 create mode 100644 ProtCidLibraries/bin/Debug/tools/surfrace5_0cmd.exe
 create mode 100644 ProtCidLibraries/bin/Debug/tools/toolCopy/plink.exe
 create mode 100644 ProtCidLibraries/bin/Debug/tools/toolCopy/pscp.exe
 create mode 100644 ProtCidLibraries/bin/Debug/tools/vdw.radii
 create mode 100644 ProtCidLibraries/bin/Debug/tools/zlib1.dll
 create mode 100644 ProtCidLibraries/bin/UpdateGroupEntries_May.txt
 create mode 100644 ProtCidLibraries/bin/UpdateGroupEntries_addMissing.txt
 create mode 100644 ProtCidLibraries/bin/UpdateGroups_May.txt
 create mode 100644 ProtCidLibraries/bin/UpdateGroups_addMissing.txt
 create mode 100644 ProtCidLibraries/bin/UpdatePepInteractPfamEntries.txt
 create mode 100644 ProtCidLibraries/bin/UpdateRelationEntries.txt
 create mode 100644 ProtCidLibraries/bin/UpdateRelationEntries_addmissing.txt
 create mode 100644 ProtCidLibraries/bin/UpdateRelationEntries_org.txt
 create mode 100644 ProtCidLibraries/bin/UpdateSuperGroups.txt
 create mode 100644 ProtCidLibraries/bin/UpdateSuperGroups_May.txt
 create mode 100644 ProtCidLibraries/bin/UpdateSuperGroups_addMissing.txt
 create mode 100644 ProtCidLibraries/bin/textFilesCopy/AsuErrorEntries.txt
 create mode 100644 ProtCidLibraries/bin/textFilesCopy/CfErrorEntries.txt
 create mode 100644 ProtCidLibraries/bin/textFilesCopy/CfRepHomoUpdateEntries.txt
 create mode 100644 ProtCidLibraries/bin/textFilesCopy/MissDomainInterfaceEntryList.txt
 create mode 100644 ProtCidLibraries/bin/textFilesCopy/ObsDomainEntries.txt
 create mode 100644 ProtCidLibraries/bin/textFilesCopy/UpdateRelationEntries.txt
 create mode 100644 ProtCidLibraries/obj/Debug/DesignTimeResolveAssemblyReferences.cache
 create mode 100644 ProtCidLibraries/obj/Debug/DesignTimeResolveAssemblyReferencesInput.cache
 create mode 100644 ProtCidLibraries/obj/Debug/ProtCidLibraries.LibTest.resources
 create mode 100644 ProtCidLibraries/obj/Debug/ProtCidLibraries.Properties.Resources.resources
 create mode 100644 ProtCidLibraries/obj/Debug/ProtCidLibraries.csproj.FileListAbsolute.txt
 create mode 100644 ProtCidLibraries/obj/Debug/ProtCidLibraries.csproj.GenerateResource.Cache
 create mode 100644 ProtCidLibraries/obj/Debug/ProtCidLibraries.csprojResolveAssemblyReference.cache
 create mode 100644 ProtCidLibraries/obj/Debug/ProtCidLibraries.exe
 create mode 100644 ProtCidLibraries/obj/Debug/ProtCidLibraries.pdb
 create mode 100644 ProtCidLibraries/obj/Debug/TemporaryGeneratedFile_036C0B5B-1481-4323-8D20-8F5ADCB23D92.cs
 create mode 100644 ProtCidLibraries/obj/Debug/TemporaryGeneratedFile_5937a670-0e60-4077-877b-f7221da3dda1.cs
 create mode 100644 ProtCidLibraries/obj/Debug/TemporaryGeneratedFile_E7A71F73-0F8D-4B9B-B56E-8E70B10BC5D3.cs
 create mode 100644 ProtCidSettingsLib/DirectorySettings.cs
 create mode 100644 ProtCidSettingsLib/ParameterSettings.cs
 create mode 100644 ProtCidSettingsLib/Properties/AssemblyInfo.cs
 create mode 100644 ProtCidSettingsLib/ProtCidSettings.cs
 create mode 100644 ProtCidSettingsLib/ProtCidSettingsLib.csproj
 create mode 100644 ProtCidSettingsLib/bin/Debug/DbLib.dll
 create mode 100644 ProtCidSettingsLib/bin/Debug/DbLib.pdb
 create mode 100644 ProtCidSettingsLib/bin/Debug/ProgressLib.dll
 create mode 100644 ProtCidSettingsLib/bin/Debug/ProgressLib.pdb
 create mode 100644 ProtCidSettingsLib/bin/Debug/ProtCidSettingsLib.dll
 create mode 100644 ProtCidSettingsLib/bin/Debug/ProtCidSettingsLib.pdb
 create mode 100644 ProtCidSettingsLib/obj/Debug/DesignTimeResolveAssemblyReferencesInput.cache
 create mode 100644 ProtCidSettingsLib/obj/Debug/ProtCidSettingsLib.csproj.FileListAbsolute.txt
 create mode 100644 ProtCidSettingsLib/obj/Debug/ProtCidSettingsLib.dll
 create mode 100644 ProtCidSettingsLib/obj/Debug/ProtCidSettingsLib.pdb
 create mode 100644 ProtCidSettingsLib/obj/Debug/TemporaryGeneratedFile_036C0B5B-1481-4323-8D20-8F5ADCB23D92.cs
 create mode 100644 ProtCidSettingsLib/obj/Debug/TemporaryGeneratedFile_5937a670-0e60-4077-877b-f7221da3dda1.cs
 create mode 100644 ProtCidSettingsLib/obj/Debug/TemporaryGeneratedFile_E7A71F73-0F8D-4B9B-B56E-8E70B10BC5D3.cs
 create mode 100644 UpgradeLog.htm

qifang@abs2 MINGW64 /x/Qifang/Projects/ProtCidDbProjects/ProtCidLibraries (master)
$